*****************************************************************
Pin Report - Date: Fri Oct 14 23:26:34 2016 Pinchecksum: NOT-AVAILABLE
Product: Designer
Release: v11.7 SP1
Version: 11.7.1.11
Design Name: eSRAM_eNVM_access_top
Family: IGLOO2
Die: M2GL025
Package: 256 VF
*****************************************************************

Port        |Pin |Fixed |Function                      |Bank     |I/O Std   |Direction                      |I/O state in Flash*Freeze mode |Resistor Pull                      |I/O available in Flash*Freeze mode |Schmitt Trigger |Odt_Static    |Odt Imp (Ohm)  |Low Power Exit |Input Delay |Slew         |Pre-Emphasis      |Output Drive (mA) |Output Load (pF) |
------------|----|------|------------------------------|---------|----------|-------------------------------|-------------------------------|-----------------------------------|-----------------------------------|----------------|--------------|---------------|---------------|------------|-------------|------------------|------------------|-----------------|
CLKOUT       J14  Yes    MSIO12PB2/SPI_0_CLK            Bank2     LVCMOS33   Output                          TRISTATE                        None                                No                                  ---              ---            ---             ---             ---          ---           ---                4                  5                 
CS           J12  Yes    MSIO13NB2/SPI_0_SS0            Bank2     LVCMOS33   Output                          TRISTATE                        None                                No                                  ---              ---            ---             ---             ---          ---           ---                4                  5                 
DEVRST_N     M11  Fixed  DEVRST_N                       ---       
FAB_RESET_N  G13  Yes    MSIO33PB1                      Bank1     LVCMOS33   Input                           TRISTATE                        None                                No                                  Off              ---            ---             Off             Off          ---           ---                ---                ---               
MISO         J13  Yes    MSIO12NB2/SPI_0_SDI            Bank2     LVCMOS33   Input                           TRISTATE                        None                                No                                  Off              ---            ---             Off             Off          ---           ---                ---                ---               
MOSI         K12  Yes    MSIO13PB2/SPI_0_SDO            Bank2     LVCMOS33   Output                          TRISTATE                        None                                No                                  ---              ---            ---             ---             ---          ---           ---                4                  5                 
PRDATA[0]    T6   Yes    MSIO120NB4/CCC_SW0_CLKI2       Bank4     LVCMOS33   Output                          TRISTATE                        None                                No                                  ---              ---            ---             ---             ---          ---           ---                4                  5                 
PRDATA[1]    T9   Yes    MSIO130PB4/VCCC_SE0_CLKI       Bank4     LVCMOS33   Output                          TRISTATE                        None                                No                                  ---              ---            ---             ---             ---          ---           ---                4                  5                 
PRDATA[2]    N7   Yes    MSIO125NB4/GB7/CCC_SW1_CLKI2   Bank4     LVCMOS33   Output                          TRISTATE                        None                                No                                  ---              ---            ---             ---             ---          ---           ---                4                  5                 
PRDATA[3]    M7   Yes    MSIO125PB4/GB3/CCC_SW0_CLKI3   Bank4     LVCMOS33   Output                          TRISTATE                        None                                No                                  ---              ---            ---             ---             ---          ---           ---                4                  5                 
PRDATA[4]    P8   Yes    MSIO126NB4                     Bank4     LVCMOS33   Output                          TRISTATE                        None                                No                                  ---              ---            ---             ---             ---          ---           ---                4                  5                 
PRDATA[5]    M8   Yes    MSIO129NB4                     Bank4     LVCMOS33   Output                          TRISTATE                        None                                No                                  ---              ---            ---             ---             ---          ---           ---                4                  5                 
PRDATA[6]    N8   Yes    MSIO129PB4/CCC_SW1_CLKI3       Bank4     LVCMOS33   Output                          TRISTATE                        None                                No                                  ---              ---            ---             ---             ---          ---           ---                4                  5                 
PRDATA[7]    P9   Yes    MSIO131PB4/GB11/VCCC_SE0_CLKI  Bank4     LVCMOS33   Output                          TRISTATE                        None                                No                                  ---              ---            ---             ---             ---          ---           ---                4                  5                 
PRDATA[8]    M9   Yes    MSIO132PB4                     Bank4     LVCMOS33   Output                          TRISTATE                        None                                No                                  ---              ---            ---             ---             ---          ---           ---                4                  5                 
PRDATA[9]    M10  Yes    MSIO132NB4                     Bank4     LVCMOS33   Output                          TRISTATE                        None                                No                                  ---              ---            ---             ---             ---          ---           ---                4                  5                 
PRDATA[10]   N10  Yes    MSIO133NB4                     Bank4     LVCMOS33   Output                          TRISTATE                        None                                No                                  ---              ---            ---             ---             ---          ---           ---                4                  5                 
PRDATA[11]   P10  Yes    MSIO133PB4/GB15/VCCC_SE1_CLKI  Bank4     LVCMOS33   Output                          TRISTATE                        None                                No                                  ---              ---            ---             ---             ---          ---           ---                4                  5                 
PRDATA[12]   P12  Yes    MSIO143PB4                     Bank4     LVCMOS33   Output                          TRISTATE                        None                                No                                  ---              ---            ---             ---             ---          ---           ---                4                  5                 
PRDATA[13]   P13  Yes    MSIO143NB4                     Bank4     LVCMOS33   Output                          TRISTATE                        None                                No                                  ---              ---            ---             ---             ---          ---           ---                4                  5                 
PRDATA[14]   R11  Yes    MSIO134NB4                     Bank4     LVCMOS33   Output                          TRISTATE                        None                                No                                  ---              ---            ---             ---             ---          ---           ---                4                  5                 
PRDATA[15]   T12  Yes    MSIO138PB4                     Bank4     LVCMOS33   Output                          TRISTATE                        None                                No                                  ---              ---            ---             ---             ---          ---           ---                4                  5                 
PRDATA[16]   R12  Yes    MSIO138NB4                     Bank4     LVCMOS33   Output                          TRISTATE                        None                                No                                  ---              ---            ---             ---             ---          ---           ---                4                  5                 
PRDATA[17]   T13  Yes    MSIO145PB4                     Bank4     LVCMOS33   Output                          TRISTATE                        None                                No                                  ---              ---            ---             ---             ---          ---           ---                4                  5                 
PRDATA[18]   R13  Yes    MSIO145NB4                     Bank4     LVCMOS33   Output                          TRISTATE                        None                                No                                  ---              ---            ---             ---             ---          ---           ---                4                  5                 
PRDATA[19]   R10  Yes    MSIO131NB4                     Bank4     LVCMOS33   Output                          TRISTATE                        None                                No                                  ---              ---            ---             ---             ---          ---           ---                4                  5                 
PRDATA[20]   R9   Yes    MSIO130NB4                     Bank4     LVCMOS33   Output                          TRISTATE                        None                                No                                  ---              ---            ---             ---             ---          ---           ---                4                  5                 
PRDATA[21]   R8   Yes    MSIO126PB4                     Bank4     LVCMOS33   Output                          TRISTATE                        None                                No                                  ---              ---            ---             ---             ---          ---           ---                4                  5                 
PRDATA[22]   T8   Yes    MSIO122NB4                     Bank4     LVCMOS33   Output                          TRISTATE                        None                                No                                  ---              ---            ---             ---             ---          ---           ---                4                  5                 
PRDATA[23]   R6   Yes    MSIO120PB4                     Bank4     LVCMOS33   Output                          TRISTATE                        None                                No                                  ---              ---            ---             ---             ---          ---           ---                4                  5                 
PRDATA[24]   L11  Yes    MSIO3PB2                       Bank2     LVCMOS33   Output                          TRISTATE                        None                                No                                  ---              ---            ---             ---             ---          ---           ---                4                  5                 
PRDATA[25]   L12  Yes    MSIO3NB2                       Bank2     LVCMOS33   Output                          TRISTATE                        None                                No                                  ---              ---            ---             ---             ---          ---           ---                4                  5                 
PRDATA[26]   L14  Yes    MSIO5PB2                       Bank2     LVCMOS33   Output                          TRISTATE                        None                                No                                  ---              ---            ---             ---             ---          ---           ---                4                  5                 
PRDATA[27]   L13  Yes    MSIO5NB2                       Bank2     LVCMOS33   Output                          TRISTATE                        None                                No                                  ---              ---            ---             ---             ---          ---           ---                4                  5                 
PRDATA[28]   N14  Yes    MSIO2PB2                       Bank2     LVCMOS33   Output                          TRISTATE                        None                                No                                  ---              ---            ---             ---             ---          ---           ---                4                  5                 
PRDATA[29]   M13  Yes    MSIO2NB2                       Bank2     LVCMOS33   Output                          TRISTATE                        None                                No                                  ---              ---            ---             ---             ---          ---           ---                4                  5                 
PRDATA[30]   M15  Yes    MSIO0PB2                       Bank2     LVCMOS33   Output                          TRISTATE                        None                                No                                  ---              ---            ---             ---             ---          ---           ---                4                  5                 
PRDATA[31]   N15  Yes    MSIO0NB2                       Bank2     LVCMOS33   Output                          TRISTATE                        None                                No                                  ---              ---            ---             ---             ---          ---           ---                4                  5                 
PWRITE       H13  Yes    MSIO28NB1                      Bank1     LVCMOS33   Input                           TRISTATE                        None                                No                                  Off              ---            ---             Off             Off          ---           ---                ---                ---               
RD[0]        D13  Yes    DDRIO36NB0/MDDR_ADDR13         Bank0     LVCMOS18   Output                          TRISTATE                        None                                No                                  ---              ---            ---             ---             ---          SLOW          ---                4                  5                 
RD[1]        C15  Yes    DDRIO35PB0/MDDR_ADDR14         Bank0     LVCMOS18   Output                          TRISTATE                        None                                No                                  ---              ---            ---             ---             ---          SLOW          ---                4                  5                 
RD[2]        B15  Yes    DDRIO35NB0/MDDR_ADDR15         Bank0     LVCMOS18   Output                          TRISTATE                        None                                No                                  ---              ---            ---             ---             ---          SLOW          ---                4                  5                 
RD[3]        B13  Yes    DDRIO43PB0/MDDR_BA2            Bank0     LVCMOS18   Output                          TRISTATE                        None                                No                                  ---              ---            ---             ---             ---          SLOW          ---                4                  5                 
RD[4]        A13  Yes    DDRIO46PB0/MDDR_RESET_N        Bank0     LVCMOS18   Output                          TRISTATE                        None                                No                                  ---              ---            ---             ---             ---          SLOW          ---                4                  5                 
RD[5]        D6   Yes    DDRIO62NB0/MDDR_DQ_ECC2        Bank0     LVCMOS18   Output                          TRISTATE                        None                                No                                  ---              ---            ---             ---             ---          SLOW          ---                4                  5                 
RD[6]        C5   Yes    DDRIO62PB0/MDDR_DQ_ECC3        Bank0     LVCMOS18   Output                          TRISTATE                        None                                No                                  ---              ---            ---             ---             ---          SLOW          ---                4                  5                 
RD[7]        C3   Yes    DDRIO63NB0/MDDR_DM_RDQS_ECC    Bank0     LVCMOS18   Output                          TRISTATE                        None                                No                                  ---              ---            ---             ---             ---          SLOW          ---                4                  5                 
ss_n         B1   Yes    DDRIO64NB0/MDDR_DQS_ECC_N      Bank0     LVCMOS18   Output                          TRISTATE                        None                                No                                  ---              ---            ---             ---             ---          SLOW          ---                4                  5                 
start_esram  H12  Yes    MSI27NB1                       Bank1     LVCMOS33   Input                           TRISTATE                        None                                No                                  Off              ---            ---             Off             Off          ---           ---                ---                ---               
