Resource Report
Microsemi Corporation - Microsemi Libero Software Release v11.7 SP1.1 (Version 11.7.1.14)
Date: Thu Mar 09 12:40:41 2017

Device Selection
+--------------------------------+----------------+
| Family                         | IGLOO2         |
| Device                         | M2GL025        |
| Package                        | 256 VF         |
| Speed Grade                    | STD            |
| Temp                           | 0:25:85        |
| Voltage                        | 1.26:1.20:1.14 |
| Core Voltage                   | 1.2V           |
| Ramp Rate                      | 100ms Minimum  |
| System Controller Suspend Mode | No             |
| PLL Supply Voltage             | 3.3V           |
| Default I/O technology         | LVCMOS 3.3V    |
| Restrict Probe Pins            | No             |
| Restrict SPI Pins              | No             |
+--------------------------------+----------------+

Source Files
+---------+--------------------------------------------------------------------------------------+
| Topcell | LedBlinkingDSpeed                                                                    |
| Format  | EDIF                                                                                 |
| Source  | C:\Users\ashj\Documents\LEARNING\Microsemi\Lab2_VHDL\synthesis\LedBlinkingDSpeed.edn |
+---------+--------------------------------------------------------------------------------------+

Options
+----------------------------------------------------+-------+
| Enable Single Event Transient mitigation           | false |
| Enable Design Separation Methodology               | false |
| Limit the number of high fanout nets to display to | 10    |
+----------------------------------------------------+-------+

Resource Usage
+---------------------------+------+-------+------------+
| Type                      | Used | Total | Percentage |
+---------------------------+------+-------+------------+
| 4LUT                      | 166  | 27696 | 0.60       |
| DFF                       | 116  | 27696 | 0.42       |
| I/O Register              | 0    | 414   | 0.00       |
| User I/O                  | 7    | 138   | 5.07       |
| -- Single-ended I/O       | 7    | 138   | 5.07       |
| -- Differential I/O Pairs | 0    | 65    | 0.00       |
| RAM64x18                  | 0    | 34    | 0.00       |
| RAM1K18                   | 0    | 31    | 0.00       |
| MACC                      | 0    | 34    | 0.00       |
| Chip Globals              | 2    | 16    | 12.50      |
| CCC                       | 0    | 6     | 0.00       |
| RCOSC_25_50MHZ            | 0    | 1     | 0.00       |
| RCOSC_1MHZ                | 0    | 1     | 0.00       |
| XTLOSC                    | 0    | 1     | 0.00       |
| HPMS                      | 0    | 1     | 0.00       |
+---------------------------+------+-------+------------+

Detailed Logic Resource Usage
+--------------------------+------+-----+
| Type                     | 4LUT | DFF |
+--------------------------+------+-----+
| Fabric Logic             | 166  | 116 |
| RAM64x18 Interface Logic | 0    | 0   |
| RAM1K18 Interface Logic  | 0    | 0   |
| MACC Interface Logic     | 0    | 0   |
| Total Used               | 166  | 116 |
+--------------------------+------+-----+

Detailed Carry Chains Resource Usage
+--------+------+
| Length | Used |
| 26     | 1    |
| 27     | 2    |
| 33     | 1    |
| Total  | 4    |
+--------+------+

I/O Function
+-------------------------------+--------------+-------------+-----------------+
| Type                          | w/o register | w/ register | w/ DDR register |
+-------------------------------+--------------+-------------+-----------------+
| Input I/O                     | 3            | 0           | 0               |
| Output I/O                    | 4            | 0           | 0               |
| Bidirectional I/O             | 0            | 0           | 0               |
| Differential Input I/O Pairs  | 0            | 0           | 0               |
| Differential Output I/O Pairs | 0            | 0           | 0               |
+-------------------------------+--------------+-------------+-----------------+

I/O Technology
+--------------+--------+------+-------+--------+---------------+
| I/O Standard | Vddi   | Vref | Input | Output | Bidirectional |
+--------------+--------+------+-------+--------+---------------+
| LVCMOS33     |  3.30v |  N/A |  3    |  4     |  0            |
+--------------+--------+------+-------+--------+---------------+

I/O Placement
+----------+-------+------------+
| Type     | Count | Percentage |
+----------+-------+------------+
| Locked   |  0    | 0.00%      |
| Placed   |  0    | 0.00%      |
| UnPlaced |  7    | 100.00%    |
+----------+-------+------------+

Nets assigned to chip global resources
+--------+---------+--------------------------------------------+
| Fanout | Type    | Name                                       |
+--------+---------+--------------------------------------------+
| 116    | INT_NET | Net   : clk_c                              |
|        |         | Driver: clk_ibuf_RNIVTI2/U0_RGB1           |
|        |         | Source: NETLIST                            |
| 115    | INT_NET | Net   : reset                              |
|        |         | Driver: Clear_outputs/reset_RNIREK/U0_RGB1 |
|        |         | Source: NETLIST                            |
+--------+---------+--------------------------------------------+

Nets assigned to row global resources
+--------+------+------+
| Fanout | Type | Name |
+--------+------+------+
+--------+------+------+

High fanout nets
+--------+---------+------------------------------------------------------------+
| Fanout | Type    | Name                                                       |
+--------+---------+------------------------------------------------------------+
| 32     | INT_NET | Net   : Initial_blinking_SW2/un14_cntlto31_0_0_RNID8IS_Y   |
|        |         | Driver: Initial_blinking_SW2/un14_cntlto31_0_0_RNID8IS     |
| 30     | INT_NET | Net   : SW2_c                                              |
|        |         | Driver: SW2_ibuf                                           |
| 29     | INT_NET | Net   : SW1_c                                              |
|        |         | Driver: SW1_ibuf                                           |
| 25     | INT_NET | Net   : Fast_clk_SW2/un14_cntlto31_0_o3_RNIAU8S2_Y         |
|        |         | Driver: Fast_clk_SW2/un14_cntlto31_0_o3_RNIAU8S2           |
| 25     | INT_NET | Net   : Initial_blinking_SW1/un14_cntlto31_0_o3_RNIJL5T1_Y |
|        |         | Driver: Initial_blinking_SW1/un14_cntlto31_0_o3_RNIJL5T1   |
| 24     | INT_NET | Net   : Fast_clk_SW1/un14_cntlto31_0_o3_RNIVUD32_Y         |
|        |         | Driver: Fast_clk_SW1/un14_cntlto31_0_o3_RNIVUD32           |
| 4      | INT_NET | Net   : Initial_blinking_SW2/cnt[25]                       |
|        |         | Driver: Initial_blinking_SW2/cnt[25]                       |
| 4      | INT_NET | Net   : Fast_clk_SW2/cnt[22]                               |
|        |         | Driver: Fast_clk_SW2/cnt[22]                               |
| 4      | INT_NET | Net   : Fast_clk_SW2/cnt[23]                               |
|        |         | Driver: Fast_clk_SW2/cnt[23]                               |
| 4      | INT_NET | Net   : Fast_clk_SW2/cnt[24]                               |
|        |         | Driver: Fast_clk_SW2/cnt[24]                               |
+--------+---------+------------------------------------------------------------+

High fanout nets (through buffer trees)
+--------+---------+------------------------------------------------------------+
| Fanout | Type    | Name                                                       |
+--------+---------+------------------------------------------------------------+
| 32     | INT_NET | Net   : Initial_blinking_SW2/un14_cntlto31_0_0_RNID8IS_Y   |
|        |         | Driver: Initial_blinking_SW2/un14_cntlto31_0_0_RNID8IS     |
| 30     | INT_NET | Net   : SW2_c                                              |
|        |         | Driver: SW2_ibuf                                           |
| 29     | INT_NET | Net   : SW1_c                                              |
|        |         | Driver: SW1_ibuf                                           |
| 25     | INT_NET | Net   : Fast_clk_SW2/un14_cntlto31_0_o3_RNIAU8S2_Y         |
|        |         | Driver: Fast_clk_SW2/un14_cntlto31_0_o3_RNIAU8S2           |
| 25     | INT_NET | Net   : Initial_blinking_SW1/un14_cntlto31_0_o3_RNIJL5T1_Y |
|        |         | Driver: Initial_blinking_SW1/un14_cntlto31_0_o3_RNIJL5T1   |
| 24     | INT_NET | Net   : Fast_clk_SW1/un14_cntlto31_0_o3_RNIVUD32_Y         |
|        |         | Driver: Fast_clk_SW1/un14_cntlto31_0_o3_RNIVUD32           |
| 4      | INT_NET | Net   : Initial_blinking_SW2/cnt[25]                       |
|        |         | Driver: Initial_blinking_SW2/cnt[25]                       |
| 4      | INT_NET | Net   : Fast_clk_SW2/cnt[22]                               |
|        |         | Driver: Fast_clk_SW2/cnt[22]                               |
| 4      | INT_NET | Net   : Fast_clk_SW2/cnt[23]                               |
|        |         | Driver: Fast_clk_SW2/cnt[23]                               |
| 4      | INT_NET | Net   : Fast_clk_SW2/cnt[24]                               |
|        |         | Driver: Fast_clk_SW2/cnt[24]                               |
+--------+---------+------------------------------------------------------------+

